>obj=vehicle
#^^^ source.simutrans-dat storage.type.defined-keys.simutrans-dat
#   ^ source.simutrans-dat keyword.operator.equal.simutrans-dat
#    ^^^^^^^ source.simutrans-dat
>name=test_vehicle
#^^^^ source.simutrans-dat storage.type.defined-keys.simutrans-dat
#    ^ source.simutrans-dat keyword.operator.equal.simutrans-dat
#     ^^^^^^^^^^^^ source.simutrans-dat
>waytype=track
#^^^^^^^ source.simutrans-dat storage.type.defined-keys.simutrans-dat
#       ^ source.simutrans-dat keyword.operator.equal.simutrans-dat
#        ^^^^^ source.simutrans-dat storage.type.waytypes.simutrans-dat
>speed=100
#^^^^^ source.simutrans-dat storage.type.defined-keys.simutrans-dat
#     ^ source.simutrans-dat keyword.operator.equal.simutrans-dat
#      ^^^ source.simutrans-dat constant.numeric.simutrans-dat
>Constraint[Prev][0]=
#^^^^^^^^^^ source.simutrans-dat storage.type.defined-keys.simutrans-dat
#          ^^^^^^ source.simutrans-dat
#                ^^^ source.simutrans-dat variable.parameter.direction-and-number.simutrans-dat
#                   ^ source.simutrans-dat keyword.operator.equal.simutrans-dat
>emptyImage[s]=image.0.0
#^^^^^^^^^^ source.simutrans-dat storage.type.defined-keys.simutrans-dat
#          ^^^ source.simutrans-dat variable.parameter.direction-and-number.simutrans-dat
#             ^ source.simutrans-dat keyword.operator.equal.simutrans-dat
#              ^^^^^ source.simutrans-dat
#                   ^ source.simutrans-dat
#                    ^ source.simutrans-dat constant.numeric.simutrans-dat
#                     ^ source.simutrans-dat
#                      ^ source.simutrans-dat constant.numeric.simutrans-dat
>emptyImage[n]=image.0.0
#^^^^^^^^^^ source.simutrans-dat storage.type.defined-keys.simutrans-dat
#          ^^^ source.simutrans-dat variable.parameter.direction-and-number.simutrans-dat
#             ^ source.simutrans-dat keyword.operator.equal.simutrans-dat
#              ^^^^^ source.simutrans-dat
#                   ^ source.simutrans-dat
#                    ^ source.simutrans-dat constant.numeric.simutrans-dat
#                     ^ source.simutrans-dat
#                      ^ source.simutrans-dat constant.numeric.simutrans-dat
>emptyImage[ne]=image.0.0
#^^^^^^^^^^ source.simutrans-dat storage.type.defined-keys.simutrans-dat
#          ^^^^ source.simutrans-dat variable.parameter.direction-and-number.simutrans-dat
#              ^ source.simutrans-dat keyword.operator.equal.simutrans-dat
#               ^^^^^ source.simutrans-dat
#                    ^ source.simutrans-dat
#                     ^ source.simutrans-dat constant.numeric.simutrans-dat
#                      ^ source.simutrans-dat
#                       ^ source.simutrans-dat constant.numeric.simutrans-dat
>